[dotenv@17.2.3] injecting env (0) from .env -- tip: ≡ƒ¢á∩╕Å  run anywhere with `dotenvx run -- yourcommand`
--- Starting PalmKash Integration Test ---
1. Setting up Test Retailer...
Γ£à Database connected successfully

2. Testing Wallet Topup (Initiate)...
node.exe : Retailer Flow 
Failed: {
At C:\Program 
Files\nodejs\npx.ps1:29 
char:3
+   & $NODE_EXE $NPX_CLI_JS 
$args
+   
~~~~~~~~~~~~~~~~~~~~~~~~~~~~~
    + CategoryInfo           
   : NotSpecified: (Retaile  
  r Flow Failed: {:String)   
  [], RemoteException
    + FullyQualifiedErrorId  
   : NativeCommandError
 
  success: false,
  message: 'Route not found',
  path: 
'/api/retailer/wallet/topup'
}
